// Jest Snapshot v1, https://goo.gl/fbAQLP

exports[`<Main /> should render the heading 1`] = `
.c0 {
  background-color: #06092b;
  color: #fff;
  width: 100%;
  height: 100%;
  min-height: 100vh;
  padding: 3rem;
  text-align: center;
  display: -webkit-box;
  display: -webkit-flex;
  display: -ms-flexbox;
  display: flex;
  -webkit-flex-direction: column;
  -ms-flex-direction: column;
  flex-direction: column;
  -webkit-align-items: center;
  -webkit-box-align: center;
  -ms-flex-align: center;
  align-items: center;
  -webkit-box-pack: center;
  -webkit-justify-content: center;
  -ms-flex-pack: center;
  justify-content: center;
}

.c1 {
  margin-bottom: 5rem;
}

.c2 {
  font-size: 2.5rem;
}

.c3 {
  font-size: 2rem;
  font-weight: 400;
}

.c4 {
  margin-top: 5rem;
}

<main
  class="c0"
>
  <div
    class="c1"
  >
    <img
      alt="Imagem de um átomo e React Avançado escrito ao lado."
      data-nimg="1"
      decoding="async"
      height="100"
      loading="lazy"
      src="/img/logo.svg"
      style="color: transparent;"
      width="250"
    />
  </div>
  <h1
    class="c2"
  >
    React Avançado
  </h1>
  <h2
    class="c3"
  >
    TypeScript, ReactJS, NextJS e Styled Components
  </h2>
  <div
    class="c4"
  >
    <img
      alt="Um desenvolvedor de frente para uma tela com código."
      data-nimg="1"
      decoding="async"
      height="250"
      loading="lazy"
      src="/img/hero-illustration.svg"
      style="color: transparent;"
      width="250"
    />
  </div>
</main>
`
